{
    "file": "examples/conflict.php",
    "dir": null,
    "ini": [],
    "require": {
        "php/version": "<5"
    },
    "ttl": "7 days",
    "runner": {
        "with": "auto"
    }
}
