{
    "file": "examples/yaml-pipe-tpl.php",
    "ini": [],
    "require": {
        "symfony/yaml": "~3.0"
    },
    "ttl": "7 days",
    "runner": {
        "with": "dash-b",
        "buffer": true
    }
}
